LAB 4 COMPLETION LOG
JESSICA KNOBLOCK - jknoblock
MICHAEL TAYLOR - mita6978

MERGE CONFLICT RESOLUTION:

Jessicas-MacBook-Pro-3:jck-cspb3308-lab4 jessicaknoblock$ git pull
remote: Enumerating objects: 5, done.
remote: Counting objects: 100% (5/5), done.
remote: Compressing objects: 100% (2/2), done.
remote: Total 3 (delta 1), reused 3 (delta 1), pack-reused 0
Unpacking objects: 100% (3/3), 359 bytes | 59.00 KiB/s, done.
From https://github.com/jknoblock/jck-cspb3308-lab4
   2abf953..44eee69  master     -> origin/master
Auto-merging README.md
CONFLICT (content): Merge conflict in README.md
Automatic merge failed; fix conflicts and then commit the result.
Jessicas-MacBook-Pro-3:jck-cspb3308-lab4 jessicaknoblock$ vim README.md 
Jessicas-MacBook-Pro-3:jck-cspb3308-lab4 jessicaknoblock$ git status
On branch master
Your branch and 'origin/master' have diverged,
and have 1 and 1 different commits each, respectively.
  (use "git pull" to merge the remote branch into yours)

You have unmerged paths.
  (fix conflicts and run "git commit")
  (use "git merge --abort" to abort the merge)

Unmerged paths:
  (use "git add <file>..." to mark resolution)
	both modified:   README.md

no changes added to commit (use "git add" and/or "git commit -a")
Jessicas-MacBook-Pro-3:jck-cspb3308-lab4 jessicaknoblock$ git add README.md 
Jessicas-MacBook-Pro-3:jck-cspb3308-lab4 jessicaknoblock$ git commit
[master eded3cb] Merge branch 'master' of https://github.com/jknoblock/jck-cspb3308-lab4
